
> city-lord-game@0.2.0 build
> npx prisma generate && next build

Environment variables loaded from .env
Prisma schema loaded from prisma\schema.prisma

鉁?Generated Prisma Client (v5.22.0) to .\node_modules\@prisma\client in 614ms

Start by importing your Prisma Client (See: https://pris.ly/d/importing-client)

Tip: Easily identify and fix slow SQL queries in your app. Optimize helps you enhance your visibility: https://pris.ly/--optimize

node.exe : [@sentry/nextjs] DEPRECATION WARNING: reactComponentAnnotatio
n is deprecated and will be removed in a future version. Use webpack.rea
ctComponentAnnotation instead.
所在位置 行:1 字符: 1
+ & "C:\Program Files\nodejs/node.exe" "C:\Program Files\nodejs/node_mo 
...
+ ~~~~~~~~~~~~~~~~~~~~~~~~~~~~~~~~~~~~~~~~~~~~~~~~~~~~~~~~~~~~~~~~~~~~~
    + CategoryInfo          : NotSpecified: ([@sentry/nextjs...tation i 
   nstead.:String) [], RemoteException
    + FullyQualifiedErrorId : NativeCommandError
 
   鈻?Next.js 15.5.12
   - Environments: .env.local, .env
   - Experiments (use with caution):
     路 clientTraceMetadata

   Creating an optimized production build ...
 鉁?(pwa) Compiling for server...
 鉁?(pwa) Compiling for server...
 鉁?(pwa) Compiling for client (static)...
 鈼?(pwa) Service worker: G:\city-lord-game-interface\city-lord-game-interface\public\sw.js
 鈼?(pwa)   URL: /sw.js
 鈼?(pwa)   Scope: /
 鉁?(pwa) Found a custom worker implementation at G:\city-lord-game-interface\city-lord-game-interface\worker\index.ts.
 鉁?(pwa) Building the custom worker to G:\city-lord-game-interface\city-lord-game-interface\public\worker-1e1c452d835e37ff.js...
 鈼?(pwa) Custom runtimeCaching array found, using it instead of the default one.
[@sentry/nextjs] DEPRECATION WARNING: It is recommended renaming your `s
entry.client.config.ts` file, or moving its content to `instrumentation-
client.ts`. When using Turbopack `sentry.client.config.ts` will no longe
r work. Read more about the `instrumentation-client.ts` file: https://ne
xtjs.org/docs/app/api-reference/file-conventions/instrumentation-client
 鉁?Compiled successfully in 29.9s
   Skipping validation of types
   Linting ...
^C
