   鈻?Next.js 15.5.12
   - Environments: .env.local, .env

   Creating an optimized production build ...
 鉁?(pwa) Compiling for server...
 鉁?(pwa) Compiling for server...
 鉁?(pwa) Compiling for client (static)...
 鈼?(pwa) Service worker: G:\city-lord-game-interface\city-lord-game-interface\public\sw.js
 鈼?(pwa)   URL: /sw.js
 鈼?(pwa)   Scope: /
 鈼?(pwa) Custom runtimeCaching array found, using it instead of the default one.
 鉁?Compiled successfully in 14.1s
   Skipping validation of types
   Linting ...

./app/admin/backgrounds/page.tsx
57:9  Warning: Unused eslint-disable directive (no problems were reported from 'react-hooks/exhaustive-deps').

./app/admin/badges/BadgeList.tsx
202:43  Warning: Using `<img>` could result in slower LCP and higher bandwidth. Consider using `<Image />` from `next/image` or a custom image loader to automatically optimize images. This may incur additional usage or cost from your provider. See: https://nextjs.org/docs/messages/no-img-element  @next/next/no-img-element
347:35  Warning: Using `<img>` could result in slower LCP and higher bandwidth. Consider using `<Image />` from `next/image` or a custom image loader to automatically optimize images. This may incur additional usage or cost from your provider. See: https://nextjs.org/docs/messages/no-img-element  @next/next/no-img-element

./app/admin/clubs/page.tsx
72:19  Warning: Using `<img>` could result in slower LCP and higher bandwidth. Consider using `<Image />` from `next/image` or a custom image loader to automatically optimize images. This may incur additional usage or cost from your provider. See: https://nextjs.org/docs/messages/no-img-element  @next/next/no-img-element

./app/admin/feedback/page.tsx
83:6  Warning: React Hook useEffect has a missing dependency: 'fetchFeedback'. Either include it or remove the dependency array.  react-hooks/exhaustive-deps
238:41  Warning: Using `<img>` could result in slower LCP and higher bandwidth. Consider using `<Image />` from `next/image` or a custom image loader to automatically optimize images. This may incur additional usage or cost from your provider. See: https://nextjs.org/docs/messages/no-img-element  @next/next/no-img-element

./app/admin/login/page.tsx
56:8  Warning: React Hook useCallback has an unnecessary dependency: 'router'. Either exclude it or remove the dependency array.  react-hooks/exhaustive-deps

./app/admin/page.tsx
57:6  Warning: React Hook useEffect has a missing dependency: 'supabase'. Either include it or remove the dependency array.  react-hooks/exhaustive-deps

./app/feedback/page.tsx
121:19  Warning: Using `<img>` could result in slower LCP and higher bandwidth. Consider using `<Image />` from `next/image` or a custom image loader to automatically optimize images. This may incur additional usage or cost from your provider. See: https://nextjs.org/docs/messages/no-img-element  @next/next/no-img-element

./app/lord-center/page.tsx
112:15  Warning: Using `<img>` could result in slower LCP and higher bandwidth. Consider using `<Image />` from `next/image` or a custom image loader to automatically optimize images. This may incur additional usage or cost from your provider. See: https://nextjs.org/docs/messages/no-img-element  @next/next/no-img-element
149:25  Warning: Using `<img>` could result in slower LCP and higher bandwidth. Consider using `<Image />` from `next/image` or a custom image loader to automatically optimize images. This may incur additional usage or cost from your provider. See: https://nextjs.org/docs/messages/no-img-element  @next/next/no-img-element

./app/profile/[userId]/page.tsx
133:29  Warning: Using `<img>` could result in slower LCP and higher bandwidth. Consider using `<Image />` from `next/image` or a custom image loader to automatically optimize images. This may incur additional usage or cost from your provider. See: https://nextjs.org/docs/messages/no-img-element  @next/next/no-img-element

./components/achievements/AchievementUnlockModal.tsx
61:6  Warning: React Hook useEffect has a missing dependency: 'handleClose'. Either include it or remove the dependency array.  react-hooks/exhaustive-deps

./components/auth/AuthSync.tsx
124:6  Warning: React Hook useEffect has a missing dependency: 'syncUserProfile'. Either include it or remove the dependency array.  react-hooks/exhaustive-deps

./components/citylord/challenge-invite.tsx
67:6  Warning: React Hook useEffect has a missing dependency: 'handleDecline'. Either include it or remove the dependency array.  react-hooks/exhaustive-deps

./components/citylord/club/ClubDetailPageClient.tsx
55:13  Warning: Using `<img>` could result in slower LCP and higher bandwidth. Consider using `<Image />` from `next/image` or a custom image loader to automatically optimize images. This may incur additional usage or cost from your provider. See: https://nextjs.org/docs/messages/no-img-element  @next/next/no-img-element
69:13  Warning: Using `<img>` could result in slower LCP and higher bandwidth. Consider using `<Image />` from `next/image` or a custom image loader to automatically optimize images. This may incur additional usage or cost from your provider. See: https://nextjs.org/docs/messages/no-img-element  @next/next/no-img-element
120:17  Warning: Using `<img>` could result in slower LCP and higher bandwidth. Consider using `<Image />` from `next/image` or a custom image loader to automatically optimize images. This may incur additional usage or cost from your provider. See: https://nextjs.org/docs/messages/no-img-element  @next/next/no-img-element

./components/citylord/club/ClubDetailView.tsx
333:6  Warning: React Hook useEffect has a missing dependency: 'club?.province'. Either include it or remove the dependency array.  react-hooks/exhaustive-deps
376:17  Warning: Using `<img>` could result in slower LCP and higher bandwidth. Consider using `<Image />` from `next/image` or a custom image loader to automatically optimize images. This may incur additional usage or cost from your provider. See: https://nextjs.org/docs/messages/no-img-element  @next/next/no-img-element
398:17  Warning: Using `<img>` could result in slower LCP and higher bandwidth. Consider using `<Image />` from `next/image` or a custom image loader to automatically optimize images. This may incur additional usage or cost from your provider. See: https://nextjs.org/docs/messages/no-img-element  @next/next/no-img-element
482:33  Warning: Using `<img>` could result in slower LCP and higher bandwidth. Consider using `<Image />` from `next/image` or a custom image loader to automatically optimize images. This may incur additional usage or cost from your provider. See: https://nextjs.org/docs/messages/no-img-element  @next/next/no-img-element
567:24  Warning: Using `<img>` could result in slower LCP and higher bandwidth. Consider using `<Image />` from `next/image` or a custom image loader to automatically optimize images. This may incur additional usage or cost from your provider. See: https://nextjs.org/docs/messages/no-img-element  @next/next/no-img-element

./components/citylord/club/ClubDiscoveryView.tsx
152:21  Warning: Using `<img>` could result in slower LCP and higher bandwidth. Consider using `<Image />` from `next/image` or a custom image loader to automatically optimize images. This may incur additional usage or cost from your provider. See: https://nextjs.org/docs/messages/no-img-element  @next/next/no-img-element

./components/citylord/club/ClubList.tsx
138:15  Warning: Using `<img>` could result in slower LCP and higher bandwidth. Consider using `<Image />` from `next/image` or a custom image loader to automatically optimize images. This may incur additional usage or cost from your provider. See: https://nextjs.org/docs/messages/no-img-element  @next/next/no-img-element

./components/citylord/club/ClubManageDrawer.tsx
144:9  Warning: The 'targetClub' logical expression could make the dependencies of useEffect Hook (at line 176) change on every render. To fix this, wrap the initialization of 'targetClub' in its own useMemo() Hook.  react-hooks/exhaustive-deps
144:9  Warning: The 'targetClub' logical expression could make the dependencies of useEffect Hook (at line 202) change on every render. To fix this, wrap the initialization of 'targetClub' in its own useMemo() Hook.  react-hooks/exhaustive-deps

./components/citylord/leaderboard.tsx
42:16  Warning: Using `<img>` could result in slower LCP and higher bandwidth. Consider using `<Image />` from `next/image` or a custom image loader to automatically optimize images. This may incur additional usage or cost from your provider. See: https://nextjs.org/docs/messages/no-img-element  @next/next/no-img-element
161:19  Warning: Using `<img>` could result in slower LCP and higher bandwidth. Consider using `<Image />` from `next/image` or a custom image loader to automatically optimize images. This may incur additional usage or cost from your provider. See: https://nextjs.org/docs/messages/no-img-element  @next/next/no-img-element

./components/citylord/map/MyRoutesSheet.tsx
69:6  Warning: React Hook useEffect has a missing dependency: 'fetchRoutes'. Either include it or remove the dependency array.  react-hooks/exhaustive-deps

./components/citylord/map/PlannerClientView.tsx
251:41  Warning: The ref value 'mapContainerRef.current' will likely have changed by the time this effect cleanup function runs. If this ref points to a node rendered by React, copy 'mapContainerRef.current' to a variable inside the effect, and use that variable in the cleanup function.  react-hooks/exhaustive-deps
268:6  Warning: React Hook useEffect has missing dependencies: 'handleDrawEnd', 'handleDrawMove', 'handleDrawStart', 'handleMapClick', 'userLat', and 'userLng'. Either include them or remove the dependency array.  react-hooks/exhaustive-deps
494:6  Warning: React Hook useEffect has missing dependencies: 'checkLoopAndRender' and 'performSnapToRoad'. Either include them or remove the dependency array.  react-hooks/exhaustive-deps
506:6  Warning: React Hook useEffect has missing dependencies: 'performSnapToRoad' and 'points'. Either include them or remove the dependency array.  react-hooks/exhaustive-deps
1243:6  Warning: React Hook useEffect has a missing dependency: 'calculateMetrics'. Either include it or remove the dependency array.  react-hooks/exhaustive-deps

./components/citylord/MissionCenter.tsx
227:9  Warning: The 'currentRawMissions' logical expression could make the dependencies of useMemo Hook (at line 274) change on every render. Move it inside the useMemo callback. Alternatively, wrap the initialization of 'currentRawMissions' in its own useMemo() Hook.  react-hooks/exhaustive-deps

./components/citylord/notifications/notification-center.tsx
71:6  Warning: React Hook useEffect has a missing dependency: 'handleClose'. Either include it or remove the dependency array.  react-hooks/exhaustive-deps
248:6  Warning: React Hook useEffect has a missing dependency: 'handleClose'. Either include it or remove the dependency array.  react-hooks/exhaustive-deps
360:6  Warning: React Hook useEffect has a missing dependency: 'supabase'. Either include it or remove the dependency array.  react-hooks/exhaustive-deps

./components/citylord/onboarding/complete-onboarding.tsx
273:6  Warning: React Hook useEffect has a missing dependency: 'step'. Either include it or remove the dependency array.  react-hooks/exhaustive-deps

./components/citylord/profile.tsx
166:6  Warning: React Hook React.useEffect has a missing dependency: 'syncUserProfile'. Either include it or remove the dependency array.  react-hooks/exhaustive-deps
378:17  Warning: Using `<img>` could result in slower LCP and higher bandwidth. Consider using `<Image />` from `next/image` or a custom image loader to automatically optimize images. This may incur additional usage or cost from your provider. See: https://nextjs.org/docs/messages/no-img-element  @next/next/no-img-element

./components/citylord/running/immersive-mode.tsx
262:6  Warning: React Hook useEffect has a missing dependency: 'onHexClaimed'. Either include it or remove the dependency array. If 'onHexClaimed' changes too often, find the parent component that defines it and wrap that definition in useCallback.  react-hooks/exhaustive-deps
277:6  Warning: React Hook useEffect has a missing dependency: 'displayedArea'. Either include it or remove the dependency array.  react-hooks/exhaustive-deps

./components/citylord/running/RunningMap.tsx
198:6  Warning: React Hook useEffect has a missing dependency: 'smoothPanTo'. Either include it or remove the dependency array.  react-hooks/exhaustive-deps
205:6  Warning: React Hook useEffect has a missing dependency: 'userLocation'. Either include it or remove the dependency array.  react-hooks/exhaustive-deps

./components/citylord/social/message-list.tsx
162:26  Warning: Using `<img>` could result in slower LCP and higher bandwidth. Consider using `<Image />` from `next/image` or a custom image loader to automatically optimize images. This may incur additional usage or cost from your provider. See: https://nextjs.org/docs/messages/no-img-element  @next/next/no-img-element
162:26  Warning: img elements must have an alt prop, either with meaningful text, or an empty string for decorative images.  jsx-a11y/alt-text

./components/leaderboard/LeaderboardDrawer.tsx
38:6  Warning: React Hook useEffect has a missing dependency: 'fetchData'. Either include it or remove the dependency array.  react-hooks/exhaustive-deps

./components/map/FogLayer.tsx
141:6  Warning: React Hook useEffect has an unnecessary dependency: 'territories'. Either exclude it or remove the dependency array. Outer scope values like 'territories' aren't valid dependencies because mutating them doesn't re-render the component.  react-hooks/exhaustive-deps

./components/map/GaodeMap3D.tsx
90:9  Warning: The 'safeHexagons' logical expression could make the dependencies of useEffect Hook (at line 404) change on every render. Move it inside the useEffect callback. Alternatively, wrap the initialization of 'safeHexagons' in its own useMemo() Hook.  react-hooks/exhaustive-deps
91:9  Warning: The 'safeTerritories' logical expression could make the dependencies of useEffect Hook (at line 404) change on every render. Move it inside the useEffect callback. Alternatively, wrap the initialization of 'safeTerritories' in its own useMemo() Hook.  react-hooks/exhaustive-deps
254:6  Warning: React Hook useEffect has a missing dependency: 'userLocation'. Either include it or remove the dependency array.  react-hooks/exhaustive-deps

./components/map/HexLayer.tsx
187:6  Warning: React Hook useEffect has missing dependencies: 'getStyle' and 'onCellClick'. Either include them or remove the dependency array. If 'onCellClick' changes too often, find the parent component that defines it and wrap that definition in useCallback.  react-hooks/exhaustive-deps

./components/map/layers/MapLayer.tsx
96:12  Warning: React Hook useEffect has missing dependencies: 'initialCenter', 'initialZoom', 'mapStyle', 'onMapLoad', 'onMapReady', 'onMoveEnd', and 'onZoomEnd'. Either include them or remove the dependency array. If 'onMoveEnd' changes too often, find the parent component that defines it and wrap that definition in useCallback.  react-hooks/exhaustive-deps

./components/map/SelfLocationMarker.tsx
58:6  Warning: React Hook useEffect has a missing dependency: 'position?.source'. Either include it or remove the dependency array.  react-hooks/exhaustive-deps

./components/mode/ClubDetails.tsx
217:23  Warning: Using `<img>` could result in slower LCP and higher bandwidth. Consider using `<Image />` from `next/image` or a custom image loader to automatically optimize images. This may incur additional usage or cost from your provider. See: https://nextjs.org/docs/messages/no-img-element  @next/next/no-img-element
247:23  Warning: Using `<img>` could result in slower LCP and higher bandwidth. Consider using `<Image />` from `next/image` or a custom image loader to automatically optimize images. This may incur additional usage or cost from your provider. See: https://nextjs.org/docs/messages/no-img-element  @next/next/no-img-element
277:23  Warning: Using `<img>` could result in slower LCP and higher bandwidth. Consider using `<Image />` from `next/image` or a custom image loader to automatically optimize images. This may incur additional usage or cost from your provider. See: https://nextjs.org/docs/messages/no-img-element  @next/next/no-img-element
326:25  Warning: Using `<img>` could result in slower LCP and higher bandwidth. Consider using `<Image />` from `next/image` or a custom image loader to automatically optimize images. This may incur additional usage or cost from your provider. See: https://nextjs.org/docs/messages/no-img-element  @next/next/no-img-element
367:25  Warning: Using `<img>` could result in slower LCP and higher bandwidth. Consider using `<Image />` from `next/image` or a custom image loader to automatically optimize images. This may incur additional usage or cost from your provider. See: https://nextjs.org/docs/messages/no-img-element  @next/next/no-img-element

./components/mode/ClubDrawer.tsx
73:9  Warning: The 'allClubs' logical expression could make the dependencies of useMemo Hook (at line 87) change on every render. To fix this, wrap the initialization of 'allClubs' in its own useMemo() Hook.  react-hooks/exhaustive-deps

./components/mode/MyClub.tsx
44:9  Warning: Using `<img>` could result in slower LCP and higher bandwidth. Consider using `<Image />` from `next/image` or a custom image loader to automatically optimize images. This may incur additional usage or cost from your provider. See: https://nextjs.org/docs/messages/no-img-element  @next/next/no-img-element
125:13  Warning: Using `<img>` could result in slower LCP and higher bandwidth. Consider using `<Image />` from `next/image` or a custom image loader to automatically optimize images. This may incur additional usage or cost from your provider. See: https://nextjs.org/docs/messages/no-img-element  @next/next/no-img-element

./components/mode/PlayerStatsDrawer.tsx
65:21  Warning: Using `<img>` could result in slower LCP and higher bandwidth. Consider using `<Image />` from `next/image` or a custom image loader to automatically optimize images. This may incur additional usage or cost from your provider. See: https://nextjs.org/docs/messages/no-img-element  @next/next/no-img-element

./components/mode/RoomChat.tsx
259:19  Warning: Using `<img>` could result in slower LCP and higher bandwidth. Consider using `<Image />` from `next/image` or a custom image loader to automatically optimize images. This may incur additional usage or cost from your provider. See: https://nextjs.org/docs/messages/no-img-element  @next/next/no-img-element

./lib/client/gpx-parser.ts
12:1  Warning: Unused eslint-disable directive (no problems were reported from '@typescript-eslint/no-require-imports').

info  - Need to disable some ESLint rules? Learn more here: https://nextjs.org/docs/app/api-reference/config/eslint#disabling-rules
   Collecting page data ...
   Generating static pages (0/96) ...
   Generating static pages (24/96) 
   Generating static pages (48/96) 
   Generating static pages (72/96) 
node.exe : TypeError: Cannot read properties of undefined (r
eading 'call')
所在位置 行:1 字符: 1
+ & "C:\Program Files\nodejs/node.exe" "C:\Program Files\nod
ejs/node_mo ...
+ ~~~~~~~~~~~~~~~~~~~~~~~~~~~~~~~~~~~~~~~~~~~~~~~~~~~~~~~~~~
~~~~~~~~~~~
    + CategoryInfo          : NotSpecified: (TypeError: Can 
   n...reading 'call'):String) [], RemoteException
    + FullyQualifiedErrorId : NativeCommandError
 
    at Object.c [as require] (G:\city-lord-game-interface\ci
ty-lord-game-interface\.next\server\webpack-runtime.js:1:143
)
Error occurred prerendering page "/". Read more: https://nex
tjs.org/docs/messages/prerender-error
TypeError: Cannot read properties of undefined (reading 'cal
l')
    at Object.c [as require] (G:\city-lord-game-interface\ci
ty-lord-game-interface\.next\server\webpack-runtime.js:1:143
)
Export encountered an error on /page: /, exiting the build.
 猕?Next.js build worker exited with code: 1 and signal: null
