
> city-lord-game@0.2.0 build
> npx prisma generate && next build

Environment variables loaded from .env
Prisma schema loaded from prisma\schema.prisma

鉁?Generated Prisma Client (v5.22.0) to .\node_modules\@prisma\client in 1.39s

Start by importing your Prisma Client (See: https://pris.ly/d/importing-client)

Tip: Interested in query caching in just a few lines of code? Try Accelerate today! https://pris.ly/tip-3-accelerate

node.exe : [@sentry/nextjs] DEPRECATION WARNING: reactComponentAnnotat
ion is deprecated and will be removed in a future version. Use webpack
.reactComponentAnnotation instead.
所在位置 行:1 字符: 1
+ & "C:\Program Files\nodejs/node.exe" "C:\Program Files\nodejs/node_m
o ...
+ ~~~~~~~~~~~~~~~~~~~~~~~~~~~~~~~~~~~~~~~~~~~~~~~~~~~~~~~~~~~~~~~~~~~~
~
    + CategoryInfo          : NotSpecified: ([@sentry/nextjs...tation 
ins    tead.:String) [], RemoteException
    + FullyQualifiedErrorId : NativeCommandError
 
   鈻?Next.js 15.5.12
   - Environments: .env.local, .env
   - Experiments (use with caution):
     路 clientTraceMetadata

   Creating an optimized production build ...
 鉁?(pwa) Compiling for server...
 鉁?(pwa) Compiling for server...
 鉁?(pwa) Compiling for client (static)...
 鈼?(pwa) Service worker: G:\city-lord-game-interface\city-lord-game-interface\public\sw.js
 鈼?(pwa)   URL: /sw.js
 鈼?(pwa)   Scope: /
 鉁?(pwa) Found a custom worker implementation at G:\city-lord-game-interface\city-lord-game-interface\worker\index.ts.
 鉁?(pwa) Building the custom worker to G:\city-lord-game-interface\city-lord-game-interface\public\worker-1e1c452d835e37ff.js...
 鈼?(pwa) Custom runtimeCaching array found, using it instead of the default one.
[@sentry/nextjs] DEPRECATION WARNING: It is recommended renaming your 
`sentry.client.config.ts` file, or moving its content to `instrumentat
ion-client.ts`. When using Turbopack `sentry.client.config.ts` will no
 longer work. Read more about the `instrumentation-client.ts` file: ht
tps://nextjs.org/docs/app/api-reference/file-conventions/instrumentati
on-client
<w> [webpack.cache.PackFileCacheStrategy] Serializing big strings (139
kiB) impacts deserialization performance (consider using Buffer instea
d and decode when needed)
<w> [webpack.cache.PackFileCacheStrategy] Serializing big strings (188
kiB) impacts deserialization performance (consider using Buffer instea
d and decode when needed)
<w> [webpack.cache.PackFileCacheStrategy] Serializing big strings (133
kiB) impacts deserialization performance (consider using Buffer instea
d and decode when needed)
 鉁?Compiled successfully in 88s
   Skipping validation of types
   Linting ...

./app/(main)/clubs/detail/page.tsx
29:6  Warning: React Hook useEffect has a missing dependency: 'supabase.auth'. Either include it or remove the dependency array.  react-hooks/exhaustive-deps

./app/(main)/clubs/manage/page.tsx
195:53  Warning: Using `<img>` could result in slower LCP and higher bandwidth. Consider using `<Image />` from `next/image` or a custom image loader to automatically optimize images. This may incur additional usage or cost from your provider. See: https://nextjs.org/docs/messages/no-img-element  @next/next/no-img-element
284:49  Warning: Using `<img>` could result in slower LCP and higher bandwidth. Consider using `<Image />` from `next/image` or a custom image loader to automatically optimize images. This may incur additional usage or cost from your provider. See: https://nextjs.org/docs/messages/no-img-element  @next/next/no-img-element

./app/admin/badges/BadgeList.tsx
202:43  Warning: Using `<img>` could result in slower LCP and higher bandwidth. Consider using `<Image />` from `next/image` or a custom image loader to automatically optimize images. This may incur additional usage or cost from your provider. See: https://nextjs.org/docs/messages/no-img-element  @next/next/no-img-element
347:35  Warning: Using `<img>` could result in slower LCP and higher bandwidth. Consider using `<Image />` from `next/image` or a custom image loader to automatically optimize images. This may incur additional usage or cost from your provider. See: https://nextjs.org/docs/messages/no-img-element  @next/next/no-img-element

./app/admin/feedback/AdminFeedbackClient.tsx
182:81  Warning: Using `<img>` could result in slower LCP and higher bandwidth. Consider using `<Image />` from `next/image` or a custom image loader to automatically optimize images. This may incur additional usage or cost from your provider. See: https://nextjs.org/docs/messages/no-img-element  @next/next/no-img-element
213:69  Warning: Using `<img>` could result in slower LCP and higher bandwidth. Consider using `<Image />` from `next/image` or a custom image loader to automatically optimize images. This may incur additional usage or cost from your provider. See: https://nextjs.org/docs/messages/no-img-element  @next/next/no-img-element

./app/admin/login/page.tsx
56:8  Warning: React Hook useCallback has an unnecessary dependency: 'router'. Either exclude it or remove the dependency array.  react-hooks/exhaustive-deps

./app/admin/store/page.tsx
115:45  Warning: Using `<img>` could result in slower LCP and higher bandwidth. Consider using `<Image />` from `next/image` or a custom image loader to automatically optimize images. This may incur additional usage or cost from your provider. See: https://nextjs.org/docs/messages/no-img-element  @next/next/no-img-element

./app/feedback/page.tsx
121:19  Warning: Using `<img>` could result in slower LCP and higher bandwidth. Consider using `<Image />` from `next/image` or a custom image loader to automatically optimize images. This may incur additional usage or cost from your provider. See: https://nextjs.org/docs/messages/no-img-element  @next/next/no-img-element

./app/layout.tsx
140:8  Warning: React Hook useEffect has missing dependencies: 'getActiveHandler' and 'router'. Either include them or remove the dependency array.  react-hooks/exhaustive-deps

./app/login/page.tsx
75:6  Warning: React Hook useEffect has a missing dependency: 'processAutoJoin'. Either include it or remove the dependency array.  react-hooks/exhaustive-deps

./app/lord-center/page.tsx
112:22  Warning: Using `<img>` could result in slower LCP and higher bandwidth. Consider using `<Image />` from `next/image` or a custom image loader to automatically optimize images. This may incur additional usage or cost from your provider. See: https://nextjs.org/docs/messages/no-img-element  @next/next/no-img-element
149:32  Warning: Using `<img>` could result in slower LCP and higher bandwidth. Consider using `<Image />` from `next/image` or a custom image loader to automatically optimize images. This may incur additional usage or cost from your provider. See: https://nextjs.org/docs/messages/no-img-element  @next/next/no-img-element

./app/profile/user/page.tsx
137:29  Warning: Using `<img>` could result in slower LCP and higher bandwidth. Consider using `<Image />` from `next/image` or a custom image loader to automatically optimize images. This may incur additional usage or cost from your provider. See: https://nextjs.org/docs/messages/no-img-element  @next/next/no-img-element

./app/run/detail/page.tsx
84:22  Warning: Using `<img>` could result in slower LCP and higher bandwidth. Consider using `<Image />` from `next/image` or a custom image loader to automatically optimize images. This may incur additional usage or cost from your provider. See: https://nextjs.org/docs/messages/no-img-element  @next/next/no-img-element

./components/achievements/AchievementShareButton.tsx
207:29  Warning: Using `<img>` could result in slower LCP and higher bandwidth. Consider using `<Image />` from `next/image` or a custom image loader to automatically optimize images. This may incur additional usage or cost from your provider. See: https://nextjs.org/docs/messages/no-img-element  @next/next/no-img-element

./components/achievements/AchievementUnlockModal.tsx
65:6  Warning: React Hook useEffect has a missing dependency: 'handleClose'. Either include it or remove the dependency array.  react-hooks/exhaustive-deps

./components/admin/ClubAuditPageClient.tsx
76:19  Warning: Using `<img>` could result in slower LCP and higher bandwidth. Consider using `<Image />` from `next/image` or a custom image loader to automatically optimize images. This may incur additional usage or cost from your provider. See: https://nextjs.org/docs/messages/no-img-element  @next/next/no-img-element

./components/admin/StoreItemDialog.tsx
123:37  Warning: Using `<img>` could result in slower LCP and higher bandwidth. Consider using `<Image />` from `next/image` or a custom image loader to automatically optimize images. This may incur additional usage or cost from your provider. See: https://nextjs.org/docs/messages/no-img-element  @next/next/no-img-element

./components/auth/AuthSync.tsx
135:6  Warning: React Hook useEffect has a missing dependency: 'syncUserProfile'. Either include it or remove the dependency array.  react-hooks/exhaustive-deps

./components/changelog/ChangelogNotificationProvider.tsx
67:8  Warning: React Hook useEffect has a missing dependency: 'supabase.auth'. Either include it or remove the dependency array.  react-hooks/exhaustive-deps
119:8  Warning: React Hook useEffect has a missing dependency: 'supabase'. Either include it or remove the dependency array.  react-hooks/exhaustive-deps

./components/citylord/activity-leaderboard.tsx
123:37  Warning: Using `<img>` could result in slower LCP and higher bandwidth. Consider using `<Image />` from `next/image` or a custom image loader to automatically optimize images. This may incur additional usage or cost from your provider. See: https://nextjs.org/docs/messages/no-img-element  @next/next/no-img-element
140:37  Warning: Using `<img>` could result in slower LCP and higher bandwidth. Consider using `<Image />` from `next/image` or a custom image loader to automatically optimize images. This may incur additional usage or cost from your provider. See: https://nextjs.org/docs/messages/no-img-element  @next/next/no-img-element
156:37  Warning: Using `<img>` could result in slower LCP and higher bandwidth. Consider using `<Image />` from `next/image` or a custom image loader to automatically optimize images. This may incur additional usage or cost from your provider. See: https://nextjs.org/docs/messages/no-img-element  @next/next/no-img-element
206:45  Warning: Using `<img>` could result in slower LCP and higher bandwidth. Consider using `<Image />` from `next/image` or a custom image loader to automatically optimize images. This may incur additional usage or cost from your provider. See: https://nextjs.org/docs/messages/no-img-element  @next/next/no-img-element

./components/citylord/challenge-invite.tsx
67:6  Warning: React Hook useEffect has a missing dependency: 'handleDecline'. Either include it or remove the dependency array.  react-hooks/exhaustive-deps

./components/citylord/club/chat/ActivityRegistration.tsx
66:29  Warning: Using `<img>` could result in slower LCP and higher bandwidth. Consider using `<Image />` from `next/image` or a custom image loader to automatically optimize images. This may incur additional usage or cost from your provider. See: https://nextjs.org/docs/messages/no-img-element  @next/next/no-img-element

./components/citylord/club/chat/MessageList.tsx
141:21  Warning: Using `<img>` could result in slower LCP and higher bandwidth. Consider using `<Image />` from `next/image` or a custom image loader to automatically optimize images. This may incur additional usage or cost from your provider. See: https://nextjs.org/docs/messages/no-img-element  @next/next/no-img-element

./components/citylord/club/ClubDetailPageClient.tsx
89:13  Warning: Using `<img>` could result in slower LCP and higher bandwidth. Consider using `<Image />` from `next/image` or a custom image loader to automatically optimize images. This may incur additional usage or cost from your provider. See: https://nextjs.org/docs/messages/no-img-element  @next/next/no-img-element
104:13  Warning: Using `<img>` could result in slower LCP and higher bandwidth. Consider using `<Image />` from `next/image` or a custom image loader to automatically optimize images. This may incur additional usage or cost from your provider. See: https://nextjs.org/docs/messages/no-img-element  @next/next/no-img-element
153:17  Warning: Using `<img>` could result in slower LCP and higher bandwidth. Consider using `<Image />` from `next/image` or a custom image loader to automatically optimize images. This may incur additional usage or cost from your provider. See: https://nextjs.org/docs/messages/no-img-element  @next/next/no-img-element

./components/citylord/club/ClubDetailView.tsx
353:6  Warning: React Hook useEffect has a missing dependency: 'club?.province'. Either include it or remove the dependency array.  react-hooks/exhaustive-deps
469:17  Warning: Using `<img>` could result in slower LCP and higher bandwidth. Consider using `<Image />` from `next/image` or a custom image loader to automatically optimize images. This may incur additional usage or cost from your provider. See: https://nextjs.org/docs/messages/no-img-element  @next/next/no-img-element
633:33  Warning: Using `<img>` could result in slower LCP and higher bandwidth. Consider using `<Image />` from `next/image` or a custom image loader to automatically optimize images. This may incur additional usage or cost from your provider. See: https://nextjs.org/docs/messages/no-img-element  @next/next/no-img-element
716:23  Warning: Using `<img>` could result in slower LCP and higher bandwidth. Consider using `<Image />` from `next/image` or a custom image loader to automatically optimize images. This may incur additional usage or cost from your provider. See: https://nextjs.org/docs/messages/no-img-element  @next/next/no-img-element

./components/citylord/club/ClubDiscoveryView.tsx
156:21  Warning: Using `<img>` could result in slower LCP and higher bandwidth. Consider using `<Image />` from `next/image` or a custom image loader to automatically optimize images. This may incur additional usage or cost from your provider. See: https://nextjs.org/docs/messages/no-img-element  @next/next/no-img-element

./components/citylord/club/ClubDynamicsView.tsx
82:37  Warning: Using `<img>` could result in slower LCP and higher bandwidth. Consider using `<Image />` from `next/image` or a custom image loader to automatically optimize images. This may incur additional usage or cost from your provider. See: https://nextjs.org/docs/messages/no-img-element  @next/next/no-img-element

./components/citylord/club/ClubList.tsx
142:15  Warning: Using `<img>` could result in slower LCP and higher bandwidth. Consider using `<Image />` from `next/image` or a custom image loader to automatically optimize images. This may incur additional usage or cost from your provider. See: https://nextjs.org/docs/messages/no-img-element  @next/next/no-img-element

./components/citylord/club/ClubManageDrawer.tsx
148:9  Warning: The 'targetClub' logical expression could make the dependencies of useEffect Hook (at line 180) change on every render. To fix this, wrap the initialization of 'targetClub' in its own useMemo() Hook.  react-hooks/exhaustive-deps
148:9  Warning: The 'targetClub' logical expression could make the dependencies of useEffect Hook (at line 206) change on every render. To fix this, wrap the initialization of 'targetClub' in its own useMemo() Hook.  react-hooks/exhaustive-deps

./components/citylord/friend-activity-feed.tsx
295:15  Warning: Using `<img>` could result in slower LCP and higher bandwidth. Consider using `<Image />` from `next/image` or a custom image loader to automatically optimize images. This may incur additional usage or cost from your provider. See: https://nextjs.org/docs/messages/no-img-element  @next/next/no-img-element
400:23  Warning: Using `<img>` could result in slower LCP and higher bandwidth. Consider using `<Image />` from `next/image` or a custom image loader to automatically optimize images. This may incur additional usage or cost from your provider. See: https://nextjs.org/docs/messages/no-img-element  @next/next/no-img-element

./components/citylord/home/LeaderboardMini.tsx
192:53  Warning: Using `<img>` could result in slower LCP and higher bandwidth. Consider using `<Image />` from `next/image` or a custom image loader to automatically optimize images. This may incur additional usage or cost from your provider. See: https://nextjs.org/docs/messages/no-img-element  @next/next/no-img-element

./components/citylord/leaderboard.tsx
46:16  Warning: Using `<img>` could result in slower LCP and higher bandwidth. Consider using `<Image />` from `next/image` or a custom image loader to automatically optimize images. This may incur additional usage or cost from your provider. See: https://nextjs.org/docs/messages/no-img-element  @next/next/no-img-element
165:19  Warning: Using `<img>` could result in slower LCP and higher bandwidth. Consider using `<Image />` from `next/image` or a custom image loader to automatically optimize images. This may incur additional usage or cost from your provider. See: https://nextjs.org/docs/messages/no-img-element  @next/next/no-img-element

./components/citylord/map/MyRoutesSheet.tsx
69:6  Warning: React Hook useEffect has a missing dependency: 'fetchRoutes'. Either include it or remove the dependency array.  react-hooks/exhaustive-deps

./components/citylord/map/PlannerClientView.tsx
263:41  Warning: The ref value 'mapContainerRef.current' will likely have changed by the time this effect cleanup function runs. If this ref points to a node rendered by React, copy 'mapContainerRef.current' to a variable inside the effect, and use that variable in the cleanup function.  react-hooks/exhaustive-deps
280:6  Warning: React Hook useEffect has missing dependencies: 'handleDrawEnd', 'handleDrawMove', 'handleDrawStart', 'handleMapClick', 'userLat', and 'userLng'. Either include them or remove the dependency array.  react-hooks/exhaustive-deps
506:6  Warning: React Hook useEffect has missing dependencies: 'checkLoopAndRender' and 'performSnapToRoad'. Either include them or remove the dependency array.  react-hooks/exhaustive-deps
518:6  Warning: React Hook useEffect has missing dependencies: 'performSnapToRoad' and 'points'. Either include them or remove the dependency array.  react-hooks/exhaustive-deps
1255:6  Warning: React Hook useEffect has a missing dependency: 'calculateMetrics'. Either include it or remove the dependency array.  react-hooks/exhaustive-deps

./components/citylord/MissionCenter.tsx
231:9  Warning: The 'currentRawMissions' logical expression could make the dependencies of useMemo Hook (at line 278) change on every render. Move it inside the useMemo callback. Alternatively, wrap the initialization of 'currentRawMissions' in its own useMemo() Hook.  react-hooks/exhaustive-deps

./components/citylord/notifications/notification-center.tsx
73:6  Warning: React Hook useEffect has a missing dependency: 'handleClose'. Either include it or remove the dependency array.  react-hooks/exhaustive-deps
311:6  Warning: React Hook useEffect has a missing dependency: 'handleClose'. Either include it or remove the dependency array.  react-hooks/exhaustive-deps
422:6  Warning: React Hook useEffect has a missing dependency: 'supabase'. Either include it or remove the dependency array.  react-hooks/exhaustive-deps

./components/citylord/onboarding/complete-onboarding.tsx
271:6  Warning: React Hook useEffect has a missing dependency: 'step'. Either include it or remove the dependency array.  react-hooks/exhaustive-deps

./components/citylord/profile.tsx
189:6  Warning: React Hook React.useEffect has a missing dependency: 'syncUserProfile'. Either include it or remove the dependency array.  react-hooks/exhaustive-deps
431:17  Warning: Using `<img>` could result in slower LCP and higher bandwidth. Consider using `<Image />` from `next/image` or a custom image loader to automatically optimize images. This may incur additional usage or cost from your provider. See: https://nextjs.org/docs/messages/no-img-element  @next/next/no-img-element

./components/citylord/running/immersive-mode.tsx
277:6  Warning: React Hook useEffect has a missing dependency: 'onHexClaimed'. Either include it or remove the dependency array. If 'onHexClaimed' changes too often, find the parent component that defines it and wrap that definition in useCallback.  react-hooks/exhaustive-deps
292:6  Warning: React Hook useEffect has a missing dependency: 'displayedArea'. Either include it or remove the dependency array.  react-hooks/exhaustive-deps

./components/citylord/running/RunningMap.tsx
252:6  Warning: React Hook useEffect has a missing dependency: 'smoothPanTo'. Either include it or remove the dependency array.  react-hooks/exhaustive-deps
261:6  Warning: React Hook useEffect has a missing dependency: 'userLocation'. Either include it or remove the dependency array.  react-hooks/exhaustive-deps
410:6  Warning: React Hook useEffect has a missing dependency: 'locationSource'. Either include it or remove the dependency array.  react-hooks/exhaustive-deps

./components/citylord/social/create-post-form.tsx
183:29  Warning: Using `<img>` could result in slower LCP and higher bandwidth. Consider using `<Image />` from `next/image` or a custom image loader to automatically optimize images. This may incur additional usage or cost from your provider. See: https://nextjs.org/docs/messages/no-img-element  @next/next/no-img-element

./components/citylord/social/leaderboard.tsx
145:53  Warning: Using `<img>` could result in slower LCP and higher bandwidth. Consider using `<Image />` from `next/image` or a custom image loader to automatically optimize images. This may incur additional usage or cost from your provider. See: https://nextjs.org/docs/messages/no-img-element  @next/next/no-img-element

./components/citylord/social/message-list.tsx
299:6  Warning: React Hook useEffect has a missing dependency: 'scrollToBottom'. Either include it or remove the dependency array.  react-hooks/exhaustive-deps
333:29  Warning: Using `<img>` could result in slower LCP and higher bandwidth. Consider using `<Image />` from `next/image` or a custom image loader to automatically optimize images. This may incur additional usage or cost from your provider. See: https://nextjs.org/docs/messages/no-img-element  @next/next/no-img-element
333:29  Warning: img elements must have an alt prop, either with meaningful text, or an empty string for decorative images.  jsx-a11y/alt-text
376:23  Warning: Using `<img>` could result in slower LCP and higher bandwidth. Consider using `<Image />` from `next/image` or a custom image loader to automatically optimize images. This may incur additional usage or cost from your provider. See: https://nextjs.org/docs/messages/no-img-element  @next/next/no-img-element
376:23  Warning: img elements must have an alt prop, either with meaningful text, or an empty string for decorative images.  jsx-a11y/alt-text

./components/citylord/social/recommended-friends.tsx
299:25  Warning: Using `<img>` could result in slower LCP and higher bandwidth. Consider using `<Image />` from `next/image` or a custom image loader to automatically optimize images. This may incur additional usage or cost from your provider. See: https://nextjs.org/docs/messages/no-img-element  @next/next/no-img-element

./components/citylord/territory/TerritoryDetailSheet.tsx
95:53  Warning: Using `<img>` could result in slower LCP and higher bandwidth. Consider using `<Image />` from `next/image` or a custom image loader to automatically optimize images. This may incur additional usage or cost from your provider. See: https://nextjs.org/docs/messages/no-img-element  @next/next/no-img-element
103:53  Warning: Using `<img>` could result in slower LCP and higher bandwidth. Consider using `<Image />` from `next/image` or a custom image loader to automatically optimize images. This may incur additional usage or cost from your provider. See: https://nextjs.org/docs/messages/no-img-element  @next/next/no-img-element

./components/citylord/territory/TerritoryInfoBar.tsx
91:53  Warning: Using `<img>` could result in slower LCP and higher bandwidth. Consider using `<Image />` from `next/image` or a custom image loader to automatically optimize images. This may incur additional usage or cost from your provider. See: https://nextjs.org/docs/messages/no-img-element  @next/next/no-img-element
93:53  Warning: Using `<img>` could result in slower LCP and higher bandwidth. Consider using `<Image />` from `next/image` or a custom image loader to automatically optimize images. This may incur additional usage or cost from your provider. See: https://nextjs.org/docs/messages/no-img-element  @next/next/no-img-element

./components/citylord/ui/image-grid.tsx
45:33  Warning: Using `<img>` could result in slower LCP and higher bandwidth. Consider using `<Image />` from `next/image` or a custom image loader to automatically optimize images. This may incur additional usage or cost from your provider. See: https://nextjs.org/docs/messages/no-img-element  @next/next/no-img-element
146:17  Warning: Using `<img>` could result in slower LCP and higher bandwidth. Consider using `<Image />` from `next/image` or a custom image loader to automatically optimize images. This may incur additional usage or cost from your provider. See: https://nextjs.org/docs/messages/no-img-element  @next/next/no-img-element

./components/citylord/ui/poster-modal.tsx
106:25  Warning: Using `<img>` could result in slower LCP and higher bandwidth. Consider using `<Image />` from `next/image` or a custom image loader to automatically optimize images. This may incur additional usage or cost from your provider. See: https://nextjs.org/docs/messages/no-img-element  @next/next/no-img-element
106:25  Warning: img elements must have an alt prop, either with meaningful text, or an empty string for decorative images.  jsx-a11y/alt-text
147:21  Warning: Using `<img>` could result in slower LCP and higher bandwidth. Consider using `<Image />` from `next/image` or a custom image loader to automatically optimize images. This may incur additional usage or cost from your provider. See: https://nextjs.org/docs/messages/no-img-element  @next/next/no-img-element

./components/leaderboard/LeaderboardDrawer.tsx
60:6  Warning: React Hook useEffect has missing dependencies: 'fetchData' and 'page'. Either include them or remove the dependency array.  react-hooks/exhaustive-deps

./components/map/FogLayer.tsx
141:6  Warning: React Hook useEffect has an unnecessary dependency: 'territories'. Either exclude it or remove the dependency array. Outer scope values like 'territories' aren't valid dependencies because mutating them doesn't re-render the component.  react-hooks/exhaustive-deps

./components/map/GaodeMap3D.tsx
98:9  Warning: The 'safeHexagons' logical expression could make the dependencies of useEffect Hook (at line 389) change on every render. Move it inside the useEffect callback. Alternatively, wrap the initialization of 'safeHexagons' in its own useMemo() Hook.  react-hooks/exhaustive-deps
99:9  Warning: The 'safeTerritories' logical expression could make the dependencies of useEffect Hook (at line 389) change on every render. Move it inside the useEffect callback. Alternatively, wrap the initialization of 'safeTerritories' in its own useMemo() Hook.  react-hooks/exhaustive-deps
266:6  Warning: React Hook useEffect has a missing dependency: 'userLocation'. Either include it or remove the dependency array.  react-hooks/exhaustive-deps

./components/map/HexLayer.tsx
187:6  Warning: React Hook useEffect has missing dependencies: 'getStyle' and 'onCellClick'. Either include them or remove the dependency array. If 'onCellClick' changes too often, find the parent component that defines it and wrap that definition in useCallback.  react-hooks/exhaustive-deps

./components/map/layers/MapLayer.tsx
96:12  Warning: React Hook useEffect has missing dependencies: 'initialCenter', 'initialZoom', 'mapStyle', 'onMapLoad', 'onMapReady', 'onMoveEnd', and 'onZoomEnd'. Either include them or remove the dependency array. If 'onMoveEnd' changes too often, find the parent component that defines it and wrap that definition in useCallback.  react-hooks/exhaustive-deps

./components/map/SelfLocationMarker.tsx
58:6  Warning: React Hook useEffect has a missing dependency: 'position?.source'. Either include it or remove the dependency array.  react-hooks/exhaustive-deps

./components/map/TerritoryLayer.tsx
291:6  Warning: React Hook useEffect has missing dependencies: 'setIsDetailSheetOpen' and 'setSelectedTerritory'. Either include them or remove the dependency array.  react-hooks/exhaustive-deps

./components/mode/ClubDetails.tsx
221:23  Warning: Using `<img>` could result in slower LCP and higher bandwidth. Consider using `<Image />` from `next/image` or a custom image loader to automatically optimize images. This may incur additional usage or cost from your provider. See: https://nextjs.org/docs/messages/no-img-element  @next/next/no-img-element
251:23  Warning: Using `<img>` could result in slower LCP and higher bandwidth. Consider using `<Image />` from `next/image` or a custom image loader to automatically optimize images. This may incur additional usage or cost from your provider. See: https://nextjs.org/docs/messages/no-img-element  @next/next/no-img-element
281:23  Warning: Using `<img>` could result in slower LCP and higher bandwidth. Consider using `<Image />` from `next/image` or a custom image loader to automatically optimize images. This may incur additional usage or cost from your provider. See: https://nextjs.org/docs/messages/no-img-element  @next/next/no-img-element
330:25  Warning: Using `<img>` could result in slower LCP and higher bandwidth. Consider using `<Image />` from `next/image` or a custom image loader to automatically optimize images. This may incur additional usage or cost from your provider. See: https://nextjs.org/docs/messages/no-img-element  @next/next/no-img-element
371:25  Warning: Using `<img>` could result in slower LCP and higher bandwidth. Consider using `<Image />` from `next/image` or a custom image loader to automatically optimize images. This may incur additional usage or cost from your provider. See: https://nextjs.org/docs/messages/no-img-element  @next/next/no-img-element

./components/mode/ClubDrawer.tsx
81:9  Warning: The 'allClubs' logical expression could make the dependencies of useMemo Hook (at line 95) change on every render. To fix this, wrap the initialization of 'allClubs' in its own useMemo() Hook.  react-hooks/exhaustive-deps

./components/mode/MyClub.tsx
48:9  Warning: Using `<img>` could result in slower LCP and higher bandwidth. Consider using `<Image />` from `next/image` or a custom image loader to automatically optimize images. This may incur additional usage or cost from your provider. See: https://nextjs.org/docs/messages/no-img-element  @next/next/no-img-element
129:13  Warning: Using `<img>` could result in slower LCP and higher bandwidth. Consider using `<Image />` from `next/image` or a custom image loader to automatically optimize images. This may incur additional usage or cost from your provider. See: https://nextjs.org/docs/messages/no-img-element  @next/next/no-img-element

./components/mode/PlayerStatsDrawer.tsx
65:21  Warning: Using `<img>` could result in slower LCP and higher bandwidth. Consider using `<Image />` from `next/image` or a custom image loader to automatically optimize images. This may incur additional usage or cost from your provider. See: https://nextjs.org/docs/messages/no-img-element  @next/next/no-img-element

./components/mode/RoomChat.tsx
267:19  Warning: Using `<img>` could result in slower LCP and higher bandwidth. Consider using `<Image />` from `next/image` or a custom image loader to automatically optimize images. This may incur additional usage or cost from your provider. See: https://nextjs.org/docs/messages/no-img-element  @next/next/no-img-element

./components/profile/RunHistoryList.tsx
68:8  Warning: React Hook useCallback has a missing dependency: 'runs'. Either include it or remove the dependency array.  react-hooks/exhaustive-deps

./components/running/RunSummaryView.tsx
353:17  Warning: Using `<img>` could result in slower LCP and higher bandwidth. Consider using `<Image />` from `next/image` or a custom image loader to automatically optimize images. This may incur additional usage or cost from your provider. See: https://nextjs.org/docs/messages/no-img-element  @next/next/no-img-element

./lib/client/gpx-parser.ts
12:1  Warning: Unused eslint-disable directive (no problems were reported from '@typescript-eslint/no-require-imports').

info  - Need to disable some ESLint rules? Learn more here: https://nextjs.org/docs/app/api-reference/config/eslint#disabling-rules
   Collecting page data ...
   Generating static pages (0/117) ...
   Generating static pages (29/117) 
   Generating static pages (58/117) 
   Generating static pages (87/117) 
getFactionStats failed or timed out: Error: Database timeout
    at Timeout._onTimeout (G:\city-lord-game-interface\city-lord-game-
interface\.next\server\chunks\3128.js:2:2037)
 鉁?Generating static pages (117/117)
   Finalizing page optimization ...
   Collecting build traces ...

Route (app)                                      Size  First Load JS  Revalidate  Expire
鈹?鈼?/                                          233 kB         706 kB
鈹?鈼?/_not-found                               1.15 kB         187 kB
鈹?茠 /admin                                    6.32 kB         316 kB
鈹?茠 /admin/backgrounds                        19.4 kB         272 kB
鈹?茠 /admin/badges                             4.89 kB         299 kB
鈹?茠 /admin/changelog                           9.2 kB         246 kB
鈹?茠 /admin/changelog/[versionId]/edit         22.5 kB         257 kB
鈹?茠 /admin/clubs                              8.23 kB         224 kB
鈹?茠 /admin/factions                           14.2 kB         272 kB
鈹?茠 /admin/feedback                           7.62 kB         233 kB
鈹?茠 /admin/login                              5.76 kB         210 kB
鈹?茠 /admin/logs                               5.51 kB         261 kB
鈹?茠 /admin/missions                           5.73 kB         300 kB
鈹?茠 /admin/rooms                              6.15 kB         271 kB
鈹?茠 /admin/store                              5.47 kB         201 kB
鈹?茠 /admin/users                              7.29 kB         208 kB
鈹?茠 /api/achievement/fetch-user-achievements    588 B         187 kB
鈹?茠 /api/activities/get-recent-activities       586 B         187 kB
鈹?茠 /api/admin/badges/create                    586 B         187 kB
鈹?茠 /api/admin/dashboard-summary                589 B         187 kB
鈹?茠 /api/admin/test-db                          587 B         187 kB
鈹?茠 /api/badges/my                              589 B         187 kB
鈹?茠 /api/city/fetch-city-leaderboard            586 B         187 kB
鈹?茠 /api/city/fetch-territories                 590 B         187 kB
鈹?茠 /api/club/create-club                       590 B         187 kB
鈹?茠 /api/club/disband-club                      589 B         187 kB
鈹?茠 /api/club/get-available-provinces           586 B         187 kB
鈹?茠 /api/club/get-club-details-cached           588 B         187 kB
鈹?茠 /api/club/get-club-join-requests            588 B         187 kB
鈹?茠 /api/club/get-club-leaderboard              589 B         187 kB
鈹?茠 /api/club/get-club-members                  588 B         187 kB
鈹?茠 /api/club/get-club-rank-stats               589 B         187 kB
鈹?茠 /api/club/get-club-territories              586 B         187 kB
鈹?茠 /api/club/get-clubs                         590 B         187 kB
鈹?茠 /api/club/get-top-clubs-by-area             587 B         187 kB
鈹?茠 /api/club/get-user-club                     586 B         187 kB
鈹?茠 /api/club/info                              588 B         187 kB
鈹?茠 /api/club/join-club                         588 B         187 kB
鈹?茠 /api/club/kick-member                       586 B         187 kB
鈹?茠 /api/club/leave-club                        589 B         187 kB
鈹?茠 /api/club/process-join-request              588 B         187 kB
鈹?茠 /api/club/update-club-info                  583 B         187 kB
鈹?茠 /api/clubs/approve                          588 B         187 kB
鈹?茠 /api/clubs/create                           586 B         187 kB
鈹?茠 /api/clubs/list                             585 B         187 kB
鈹?茠 /api/cron/activity-reminder                 590 B         187 kB
鈹?茠 /api/cron/cleanup-invitations               590 B         187 kB
鈹?茠 /api/cron/daily-stats                       588 B         187 kB
鈹?茠 /api/cron/territory-decay                   588 B         187 kB
鈹?茠 /api/cron/territory-decay-monitor           589 B         187 kB
鈹?茠 /api/cron/territory-reconcile               586 B         187 kB
鈹?茠 /api/cron/territory-stats-worker            587 B         187 kB
鈹?茠 /api/cron/update-faction-stats              586 B         187 kB
鈹?茠 /api/cron/update-province                   589 B         187 kB
鈹?茠 /api/debug/calc-stats                       587 B         187 kB
鈹?茠 /api/debug/clubs                            585 B         187 kB
鈹?茠 /api/faction/balance-config                 588 B         187 kB
鈹?茠 /api/faction/change-faction                 586 B         187 kB
鈹?茠 /api/faction/daily-stats                    586 B         187 kB
鈹?茠 /api/faction/join-faction                   588 B         187 kB
鈹?鈼?/api/faction/stats                          589 B         187 kB          1m      1y
鈹?茠 /api/friends                                587 B         187 kB
鈹?茠 /api/home/summary                           587 B         187 kB
鈹?茠 /api/message/get-messages                   587 B         187 kB
鈹?茠 /api/message/get-unread-message-count       587 B         187 kB
鈹?茠 /api/message/mark-as-read                   587 B         187 kB
鈹?茠 /api/message/send-message                   586 B         187 kB
鈹?茠 /api/mission/claim-mission-reward           588 B         187 kB
鈹?茠 /api/mission/fetch-user-missions            587 B         187 kB
鈹?茠 /api/missions                               588 B         187 kB
鈹?茠 /api/notifications/subscribe                586 B         187 kB
鈹?茠 /api/referral/get-referrer-profile          589 B         187 kB
鈹?茠 /api/report/get-run-report                  589 B         187 kB
鈹?茠 /api/room/[id]                              586 B         187 kB
鈹?茠 /api/room/create-room                       587 B         187 kB
鈹?茠 /api/room/get-joined-rooms                  589 B         187 kB
鈹?茠 /api/room/get-rooms                         589 B         187 kB
鈹?茠 /api/room/join-room                         589 B         187 kB
鈹?茠 /api/room/join-room-by-code                 589 B         187 kB
鈹?茠 /api/room/leave-room                        590 B         187 kB
鈹?茠 /api/routes                                 587 B         187 kB
鈹?茠 /api/run/current                            586 B         187 kB
鈹?茠 /api/run/native-sync                        588 B         187 kB
鈹?茠 /api/run/save-pending                       586 B         187 kB
鈹?茠 /api/social/assist                          587 B         187 kB
鈹?茠 /api/social/comment                         586 B         187 kB
鈹?茠 /api/social/create-challenge                589 B         187 kB
鈹?茠 /api/social/feed                            585 B         187 kB
鈹?茠 /api/social/friend-activities               590 B         187 kB
鈹?茠 /api/social/friend-request/respond          588 B         187 kB
鈹?茠 /api/social/friend-requests                 589 B         187 kB
鈹?茠 /api/social/friend-requests/respond         588 B         187 kB
鈹?茠 /api/social/friends                         587 B         187 kB
鈹?茠 /api/social/like                            587 B         187 kB
鈹?茠 /api/social/pending-challenges              586 B         187 kB
鈹?茠 /api/social/recommended-users               587 B         187 kB
鈹?茠 /api/social/respond-challenge               588 B         187 kB
鈹?茠 /api/social/search                          587 B         187 kB
鈹?茠 /api/social/send-friend-request             586 B         187 kB
鈹?茠 /api/social/share-reward                    586 B         187 kB
鈹?茠 /api/sync/run                               588 B         187 kB
鈹?茠 /api/territories/[id]                       588 B         187 kB
鈹?茠 /api/territories/by-cell                    588 B         187 kB
鈹?茠 /api/territory/attack                       588 B         187 kB
鈹?茠 /api/territory/claim                        589 B         187 kB
鈹?茠 /api/territory/list                         587 B         187 kB
鈹?茠 /api/test-multipolygon                      588 B         187 kB
鈹?茠 /api/user/activities                        586 B         187 kB
鈹?茠 /api/user/badges                            586 B         187 kB
鈹?茠 /api/user/ensure-user-profile               589 B         187 kB
鈹?茠 /api/user/location                          587 B         187 kB
鈹?茠 /api/user/room                              588 B         187 kB
鈹?茠 /api/user/stats                             587 B         187 kB
鈹?茠 /api/user/touch-user-activity               588 B         187 kB
鈹?鈼?/auth/auth-code-error                     3.75 kB         200 kB
鈹?鈼?/auth/callback                            2.35 kB         252 kB
鈹?鈼?/challenges                               14.9 kB         283 kB
鈹?茠 /changelog                                  355 B         189 kB
鈹?茠 /changelog/[version]                      3.73 kB         255 kB
鈹?茠 /changelog/[version]/feedback             2.81 kB         189 kB
鈹?茠 /club                                     7.43 kB         299 kB
鈹?鈼?/club/chat                                17.5 kB         289 kB
鈹?鈼?/clubs/detail                             8.71 kB         261 kB
鈹?鈼?/clubs/manage                             6.35 kB         265 kB
鈹?鈼?/demo/virtual-list                        4.26 kB         204 kB
鈹?鈼?/feedback                                 5.11 kB         209 kB
鈹?鈼?/game/planner                             1.65 kB         188 kB
鈹?鈼?/game/runner                              6.58 kB         195 kB
鈹?茠 /invite                                    2.4 kB         243 kB
鈹?鈼?/login                                    11.8 kB         278 kB
鈹?鈼?/lord-center                              12.6 kB         390 kB
鈹?鈼?/privacy                                    355 B         189 kB
鈹?鈼?/profile/backgrounds                      6.52 kB         219 kB
鈹?鈼?/profile/me                               6.67 kB         381 kB
鈹?鈼?/profile/user                             5.19 kB         355 kB
鈹?鈼?/referral                                   12 kB         302 kB
鈹?鈼?/reset-password                           6.22 kB         266 kB
鈹?鈼?/route-planner                            4.71 kB         199 kB
鈹?鈼?/run/detail                               12.2 kB         314 kB
鈹?茠 /tasks                                     6.3 kB         210 kB
鈹?鈼?/terms                                      354 B         189 kB
鈹?鈼?/training                                 4.12 kB         199 kB
鈹?茠 /watch-sync                               12.2 kB         223 kB
+ First Load JS shared by all                  186 kB
  鈹?chunks/4bd1b696-e0016b5c6191400f.js       54.4 kB
  鈹?chunks/5651-3856c35b02ade77e.js            128 kB
  鈹?other shared chunks (total)               4.34 kB


茠 Middleware                                   143 kB

鈼? (Static)   prerendered as static content
茠  (Dynamic)  server-rendered on demand

