[dotenv@17.3.1] injecting env (20) from .env.local -- tip: 鈿欙笍  specify custom .env file path with { path: '/custom/path/.env' }
--- Phase 2B-2B Gray Test ---
Cleaning up previous test data...
Setting up Test users, club, and territories...
Using real users: A(11111111-1111-1111-1111-111111111111), B(22222222-2222-2222-2222-222222222222)
Using club: 48925368-51c2-4a81-95a8-e3cc11429fd4
node.exe : 
所在位置 行:1 字符: 1
+ & "C:\Program Files\nodejs/node.exe" "C:\Program Files\n
odejs/node_mo ...
+ ~~~~~~~~~~~~~~~~~~~~~~~~~~~~~~~~~~~~~~~~~~~~~~~~~~~~~~~~
~~~~~~~~~~~~~
    + CategoryInfo          : NotSpecified: (:String) [], 
    RemoteException
    + FullyQualifiedErrorId : NativeCommandError
 
鉂?Test Failed: Error: Failed to seed territories: Could no
t find the 'hp' column of 'territories' in the schema cach
e
    at runTests (G:\city-lord-game-interface\city-lord-gam
e-interface\scripts\test-phase2b2b.ts:74:25)
    at process.processTicksAndRejections (node:internal/pr
ocess/task_queues:105:5)
