app/actions/activities.ts(34,22): error TS18047: 'run.distance' is possibly 'null'.
app/actions/activities.ts(34,44): error TS18047: 'run.distance' is possibly 'null'.
app/actions/activities.ts(36,51): error TS18047: 'run.distance' is possibly 'null'.
app/actions/activities.ts(36,51): error TS2345: Argument of type 'number | null' is not assignable to parameter of type 'number'.
  Type 'null' is not assignable to type 'number'.
app/actions/activities.ts(36,73): error TS18047: 'run.distance' is possibly 'null'.
app/actions/activities.ts(55,24): error TS18047: 'data.distance' is possibly 'null'.
app/actions/activities.ts(55,47): error TS18047: 'data.distance' is possibly 'null'.
app/actions/activities.ts(61,56): error TS2345: Argument of type 'number | null' is not assignable to parameter of type 'number'.
  Type 'null' is not assignable to type 'number'.
app/actions/activities.ts(63,26): error TS2339: Property 'splits' does not exist on type '{ area: number; club_id: string | null; created_at: string | null; distance: number | null; duration: number; id: string; idempotency_key: string | null; path: Json; polygons: Json; ... 4 more ...; user_id: string | null; }'.
app/actions/activities.ts(63,55): error TS2345: Argument of type 'number | null' is not assignable to parameter of type 'number'.
  Type 'null' is not assignable to type 'number'.
app/actions/badge.ts(297,6): error TS2339: Property 'from' does not exist on type 'Promise<SupabaseClient<Database, "public", "public", { Tables: { _prisma_migrations: { Row: { applied_steps_count: number; checksum: string; finished_at: string | null; id: string; logs: string | null; migration_name: string; rolled_back_at: string | null; started_at: string; }; Insert: { ...; }; Update: { ...; }; R...'.
app/actions/badge.ts(305,6): error TS2339: Property 'from' does not exist on type 'Promise<SupabaseClient<Database, "public", "public", { Tables: { _prisma_migrations: { Row: { applied_steps_count: number; checksum: string; finished_at: string | null; id: string; logs: string | null; migration_name: string; rolled_back_at: string | null; started_at: string; }; Insert: { ...; }; Update: { ...; }; R...'.
app/actions/badge.ts(309,49): error TS7006: Parameter 'ub' implicitly has an 'any' type.
app/actions/badge.ts(335,10): error TS2339: Property 'from' does not exist on type 'Promise<SupabaseClient<Database, "public", "public", { Tables: { _prisma_migrations: { Row: { applied_steps_count: number; checksum: string; finished_at: string | null; id: string; logs: string | null; migration_name: string; rolled_back_at: string | null; started_at: string; }; Insert: { ...; }; Update: { ...; }; R...'.
app/actions/city.ts(22,31): error TS2339: Property 'id' does not exist on type 'never'.
app/actions/city.ts(25,13): error TS2339: Property 'data' does not exist on type '{ single: () => Promise<{ data: null; error: null; }>; maybeSingle: () => Promise<{ data: null; error: null; }>; order: (col: string, opts?: any) => { limit: (n: number) => Promise<{ data: never[]; error: null; }>; }; in: () => { ...; }; is: () => { ...; }; }'.
app/actions/city.ts(25,19): error TS2339: Property 'error' does not exist on type '{ single: () => Promise<{ data: null; error: null; }>; maybeSingle: () => Promise<{ data: null; error: null; }>; order: (col: string, opts?: any) => { limit: (n: number) => Promise<{ data: never[]; error: null; }>; }; in: () => { ...; }; is: () => { ...; }; }'.
app/actions/city.ts(84,33): error TS2554: Expected 0 arguments, but got 1.
app/actions/city.ts(92,51): error TS2339: Property 'id' does not exist on type 'never'.
app/actions/city.ts(101,27): error TS2339: Property 'id' does not exist on type 'never'.
app/actions/city.ts(153,28): error TS2339: Property 'id' does not exist on type 'never'.
app/actions/city.ts(162,45): error TS2339: Property 'id' does not exist on type 'never'.
app/actions/city.ts(177,28): error TS2339: Property 'id' does not exist on type 'never'.
app/actions/city.ts(195,55): error TS2339: Property 'id' does not exist on type 'never'.
app/actions/city.ts(200,29): error TS2339: Property 'id' does not exist on type 'never'.
app/actions/city.ts(228,55): error TS2339: Property 'id' does not exist on type 'never'.
app/actions/city.ts(240,51): error TS2339: Property 'id' does not exist on type 'never'.
app/actions/city.ts(245,53): error TS2339: Property 'id' does not exist on type 'never'.
app/actions/city.ts(256,27): error TS2339: Property 'id' does not exist on type 'never'.
app/actions/city.ts(271,54): error TS2339: Property 'id' does not exist on type 'never'.
app/actions/city.ts(277,43): error TS2339: Property 'id' does not exist on type 'never'.
app/actions/city.ts(279,22): error TS2339: Property 'id' does not exist on type 'never'.
app/actions/city.ts(299,33): error TS2339: Property 'id' does not exist on type 'never'.
app/actions/city.ts(307,33): error TS2554: Expected 0 arguments, but got 1.
app/actions/city.ts(310,11): error TS2339: Property 'count' does not exist on type '{ single: () => Promise<{ data: null; error: null; }>; maybeSingle: () => Promise<{ data: null; error: null; }>; order: (col: string, opts?: any) => { limit: (n: number) => Promise<{ data: never[]; error: null; }>; }; in: () => { ...; }; is: () => { ...; }; }'.
app/actions/city.ts(312,18): error TS2554: Expected 0-1 arguments, but got 2.
app/actions/city.ts(321,18): error TS2554: Expected 0-1 arguments, but got 2.
app/actions/city.ts(323,6): error TS2339: Property 'gt' does not exist on type '{ single: () => Promise<{ data: null; error: null; }>; maybeSingle: () => Promise<{ data: null; error: null; }>; order: (col: string, opts?: any) => { limit: (n: number) => Promise<{ data: never[]; error: null; }>; }; in: () => { ...; }; is: () => { ...; }; }'.
app/actions/city.ts(326,11): error TS2339: Property 'count' does not exist on type '{ single: () => Promise<{ data: null; error: null; }>; maybeSingle: () => Promise<{ data: null; error: null; }>; order: (col: string, opts?: any) => { limit: (n: number) => Promise<{ data: never[]; error: null; }>; }; in: () => { ...; }; is: () => { ...; }; }'.
app/actions/city.ts(328,18): error TS2554: Expected 0-1 arguments, but got 2.
app/actions/city.ts(346,33): error TS2554: Expected 0 arguments, but got 1.
app/actions/city.ts(398,33): error TS2554: Expected 0 arguments, but got 1.
app/actions/city.ts(406,25): error TS2339: Property 'id' does not exist on type 'never'.
app/actions/city.ts(407,6): error TS2339: Property 'eq' does not exist on type '{ single: () => Promise<{ data: null; error: null; }>; maybeSingle: () => Promise<{ data: null; error: null; }>; order: (col: string, opts?: any) => { limit: (n: number) => Promise<{ data: never[]; error: null; }>; }; in: () => { ...; }; is: () => { ...; }; }'.
app/actions/city.ts(423,18): error TS2554: Expected 0-1 arguments, but got 2.
app/actions/city.ts(425,6): error TS2339: Property 'gt' does not exist on type '{ single: () => Promise<{ data: null; error: null; }>; maybeSingle: () => Promise<{ data: null; error: null; }>; order: (col: string, opts?: any) => { limit: (n: number) => Promise<{ data: never[]; error: null; }>; }; in: () => { ...; }; is: () => { ...; }; }'.
app/actions/city.ts(448,33): error TS2554: Expected 0 arguments, but got 1.
app/actions/city.ts(456,21): error TS2339: Property 'id' does not exist on type 'never'.
app/actions/city.ts(461,6): error TS2339: Property 'select' does not exist on type 'Promise<{ data: null; error: null; select: () => { single: () => Promise<{ data: null; error: null; }>; }; }>'.
app/actions/club.ts(100,15): error TS2769: No overload matches this call.
  Overload 1 of 2, '(values: { audit_reason?: string | null | undefined; avatar_url?: string | null | undefined; created_at?: string | undefined; description?: string | null | undefined; id?: string | undefined; ... 9 more ...; total_area?: number | ... 1 more ... | undefined; }, options?: { ...; } | undefined): PostgrestFilterBuilder<...>', gave the following error.
    Argument of type '{ name: string; description: string | null; owner_id: string; avatar_url: string | null; province: string | null; is_public: boolean; status: string; level: string; rating: number; member_count: number; territory: string; }' is not assignable to parameter of type '{ audit_reason?: string | null | undefined; avatar_url?: string | null | undefined; created_at?: string | undefined; description?: string | null | undefined; id?: string | undefined; ... 9 more ...; total_area?: number | ... 1 more ... | undefined; }'.
      Types of property 'status' are incompatible.
        Type 'string' is not assignable to type '"pending" | "active" | "rejected" | "suspended" | null | undefined'.
  Overload 2 of 2, '(values: { audit_reason?: string | null | undefined; avatar_url?: string | null | undefined; created_at?: string | undefined; description?: string | null | undefined; id?: string | undefined; ... 9 more ...; total_area?: number | ... 1 more ... | undefined; }[], options?: { ...; } | undefined): PostgrestFilterBuilder<...>', gave the following error.
    Argument of type '{ name: string; description: string | null; owner_id: string; avatar_url: string | null; province: string | null; is_public: boolean; status: string; level: string; rating: number; member_count: number; territory: string; }' is not assignable to parameter of type '{ audit_reason?: string | null | undefined; avatar_url?: string | null | undefined; created_at?: string | undefined; description?: string | null | undefined; id?: string | undefined; ... 9 more ...; total_area?: number | ... 1 more ... | undefined; }[]'.
      Type '{ name: string; description: string | null; owner_id: string; avatar_url: string | null; province: string | null; is_public: boolean; status: string; level: string; rating: number; member_count: number; territory: string; }' is missing the following properties from type '{ audit_reason?: string | null | undefined; avatar_url?: string | null | undefined; created_at?: string | undefined; description?: string | null | undefined; id?: string | undefined; ... 9 more ...; total_area?: number | ... 1 more ... | undefined; }[]': length, pop, push, concat, and 35 more.
app/actions/club.ts(197,11): error TS2322: Type '{ total_area: number; rating: number; level: string; status: "pending" | "active" | "rejected"; member_count: number; territory: string; creator_name: string; creator_avatar: string | null; ... 9 more ...; is_public: boolean | null; }[]' is not assignable to type 'PendingClubDTO[]'.
  Type '{ total_area: number; rating: number; level: string; status: "pending" | "active" | "rejected"; member_count: number; territory: string; creator_name: string; creator_avatar: string | null; ... 9 more ...; is_public: boolean | null; }' is not assignable to type 'PendingClubDTO'.
    Types of property 'province' are incompatible.
      Type 'string | null' is not assignable to type 'string | undefined'.
        Type 'null' is not assignable to type 'string | undefined'.
app/actions/club.ts(240,11): error TS2322: Type '{ total_area: number; rating: number; level: string; status: "pending" | "active" | "rejected"; member_count: number; territory: string; creator_name: string; created_at: string; profiles_clubs_owner_idToprofiles: { ...; } | null; ... 7 more ...; is_public: boolean | null; }[]' is not assignable to type 'ApprovedClubDTO[]'.
  Type '{ total_area: number; rating: number; level: string; status: "pending" | "active" | "rejected"; member_count: number; territory: string; creator_name: string; created_at: string; profiles_clubs_owner_idToprofiles: { ...; } | null; ... 7 more ...; is_public: boolean | null; }' is not assignable to type 'ApprovedClubDTO'.
    Types of property 'province' are incompatible.
      Type 'string | null' is not assignable to type 'string | undefined'.
        Type 'null' is not assignable to type 'string | undefined'.
app/actions/club.ts(484,26): error TS2345: Argument of type '"increment_club_member_count"' is not assignable to parameter of type '"decay_territories_daily" | "update_user_location_rpc"'.
app/actions/club.ts(521,22): error TS2345: Argument of type '"decrement_club_member_count"' is not assignable to parameter of type '"decay_territories_daily" | "update_user_location_rpc"'.
app/actions/club.ts(604,53): error TS2345: Argument of type 'string | null' is not assignable to parameter of type 'string'.
  Type 'null' is not assignable to type 'string'.
app/actions/mission.ts(181,54): error TS2345: Argument of type '"increment_user_stats"' is not assignable to parameter of type '"decay_territories_daily" | "update_user_location_rpc"'.
app/actions/referral.ts(32,22): error TS2339: Property 'id' does not exist on type 'never'.
app/actions/referral.ts(40,13): error TS2339: Property 'data' does not exist on type '{ limit: (n: number) => Promise<{ data: never[]; error: null; }>; }'.
app/actions/referral.ts(40,29): error TS2339: Property 'error' does not exist on type '{ limit: (n: number) => Promise<{ data: never[]; error: null; }>; }'.
app/actions/referral.ts(43,31): error TS2339: Property 'id' does not exist on type 'never'.
app/actions/referral.ts(66,31): error TS2339: Property 'referral_code' does not exist on type 'never'.
app/actions/referral.ts(84,35): error TS2554: Expected 0 arguments, but got 1.
app/actions/referral.ts(95,25): error TS2339: Property 'nickname' does not exist on type 'never'.
app/actions/referral.ts(96,27): error TS2339: Property 'avatar_url' does not exist on type 'never'.
app/actions/social.ts(639,28): error TS2345: Argument of type 'string | null' is not assignable to parameter of type 'string'.
  Type 'null' is not assignable to type 'string'.
app/actions/social.ts(645,30): error TS2769: No overload matches this call.
  Overload 1 of 4, '(value: string | number | Date): Date', gave the following error.
    Argument of type 'string | null' is not assignable to parameter of type 'string | number | Date'.
      Type 'null' is not assignable to type 'string | number | Date'.
  Overload 2 of 4, '(value: string | number): Date', gave the following error.
    Argument of type 'string | null' is not assignable to parameter of type 'string | number'.
      Type 'null' is not assignable to type 'string | number'.
app/admin/badges/page.tsx(50,18): error TS2322: Type '{ image: string; rarity: string; requirement_value: number; maxProgress: number; level: string | null; name: string; id: string; description: string | null; condition_value: number | null; ... 6 more ...; tier: string | null; }[]' is not assignable to type 'Badge[]'.
  Type '{ image: string; rarity: string; requirement_value: number; maxProgress: number; level: string | null; name: string; id: string; description: string | null; condition_value: number | null; ... 6 more ...; tier: string | null; }' is not assignable to type 'Badge'.
    Types of property 'description' are incompatible.
      Type 'string | null' is not assignable to type 'string'.
        Type 'null' is not assignable to type 'string'.
app/admin/feedback/page.tsx(53,37): error TS2589: Type instantiation is excessively deep and possibly infinite.
app/admin/feedback/page.tsx(54,15): error TS2769: No overload matches this call.
  Overload 1 of 2, '(relation: "user_city_progress" | "profiles" | "clubs" | "club_members" | "runs" | "club_activities" | "club_activity_registrations" | "posts" | "rooms" | "training_plans" | "territories" | ... 46 more ... | "watch_activities"): PostgrestQueryBuilder<...>', gave the following error.
    Argument of type '"feedback"' is not assignable to parameter of type '"user_city_progress" | "profiles" | "clubs" | "club_members" | "runs" | "club_activities" | "club_activity_registrations" | "posts" | "rooms" | "training_plans" | "territories" | ... 46 more ... | "watch_activities"'.
  Overload 2 of 2, '(relation: never): PostgrestQueryBuilder<{ PostgrestVersion: "14.1"; }, { Tables: { _prisma_migrations: { Row: { applied_steps_count: number; checksum: string; finished_at: string | null; id: string; logs: string | null; migration_name: string; rolled_back_at: string | null; started_at: string; }; Insert: { ...; }; Update: { ...; }; Relationships: []; }; ... 56 more ...; watch_activities: { ...; }; }; Views: {}; Functions: { ...; }; Enums: { ...; }; CompositeTypes: {}; }, never, never, never>', gave the following error.
    Argument of type '"feedback"' is not assignable to parameter of type 'never'.
app/admin/feedback/page.tsx(88,15): error TS2769: No overload matches this call.
  Overload 1 of 2, '(relation: "user_city_progress" | "profiles" | "clubs" | "club_members" | "runs" | "club_activities" | "club_activity_registrations" | "posts" | "rooms" | "training_plans" | "territories" | ... 46 more ... | "watch_activities"): PostgrestQueryBuilder<...>', gave the following error.
    Argument of type '"feedback"' is not assignable to parameter of type '"user_city_progress" | "profiles" | "clubs" | "club_members" | "runs" | "club_activities" | "club_activity_registrations" | "posts" | "rooms" | "training_plans" | "territories" | ... 46 more ... | "watch_activities"'.
  Overload 2 of 2, '(relation: never): PostgrestQueryBuilder<{ PostgrestVersion: "14.1"; }, { Tables: { _prisma_migrations: { Row: { applied_steps_count: number; checksum: string; finished_at: string | null; id: string; logs: string | null; migration_name: string; rolled_back_at: string | null; started_at: string; }; Insert: { ...; }; Update: { ...; }; Relationships: []; }; ... 56 more ...; watch_activities: { ...; }; }; Views: {}; Functions: { ...; }; Enums: { ...; }; CompositeTypes: {}; }, never, never, never>', gave the following error.
    Argument of type '"feedback"' is not assignable to parameter of type 'never'.
app/admin/logs/page.tsx(161,40): error TS2769: No overload matches this call.
  Overload 1 of 4, '(value: string | number | Date): Date', gave the following error.
    Argument of type 'string | null' is not assignable to parameter of type 'string | number | Date'.
      Type 'null' is not assignable to type 'string | number | Date'.
  Overload 2 of 4, '(value: string | number): Date', gave the following error.
    Argument of type 'string | null' is not assignable to parameter of type 'string | number'.
      Type 'null' is not assignable to type 'string | number'.
app/admin/page.tsx(37,56): error TS2345: Argument of type '"get_user_growth_trend"' is not assignable to parameter of type '"decay_territories_daily" | "update_user_location_rpc"'.
app/admin/rooms/page.tsx(193,28): error TS18047: 'room.host_id' is possibly 'null'.
app/admin/rooms/page.tsx(198,29): error TS2339: Property 'participants_count' does not exist on type 'Room'.
app/api/cron/territory-decay/route.ts(36,25): error TS2353: Object literal may only specify known properties, and 'created_at' does not exist in type 'territory_hp_logsWhereInput'.
app/api/cron/territory-decay/route.ts(54,17): error TS2353: Object literal may only specify known properties, and 'created_at' does not exist in type 'territory_hp_logsWhereInput'.
app/challenges/page.tsx(76,34): error TS2339: Property 'current' does not exist on type 'UserMission'.
app/challenges/page.tsx(76,55): error TS2339: Property 'target' does not exist on type 'UserMission'.
app/challenges/page.tsx(77,26): error TS2339: Property 'type' does not exist on type 'UserMission'.
app/feedback/actions.ts(35,47): error TS2339: Property 'auth' does not exist on type 'Promise<SupabaseClient<Database, "public", "public", { Tables: { _prisma_migrations: { Row: { applied_steps_count: number; checksum: string; finished_at: string | null; id: string; logs: string | null; migration_name: string; rolled_back_at: string | null; started_at: string; }; Insert: { ...; }; Update: { ...; }; R...'.
app/feedback/actions.ts(52,53): error TS2339: Property 'storage' does not exist on type 'Promise<SupabaseClient<Database, "public", "public", { Tables: { _prisma_migrations: { Row: { applied_steps_count: number; checksum: string; finished_at: string | null; id: string; logs: string | null; migration_name: string; rolled_back_at: string | null; started_at: string; }; Insert: { ...; }; Update: { ...; }; R...'.
app/feedback/actions.ts(62,48): error TS2339: Property 'storage' does not exist on type 'Promise<SupabaseClient<Database, "public", "public", { Tables: { _prisma_migrations: { Row: { applied_steps_count: number; checksum: string; finished_at: string | null; id: string; logs: string | null; migration_name: string; rolled_back_at: string | null; started_at: string; }; Insert: { ...; }; Update: { ...; }; R...'.
app/feedback/actions.ts(71,8): error TS2339: Property 'from' does not exist on type 'Promise<SupabaseClient<Database, "public", "public", { Tables: { _prisma_migrations: { Row: { applied_steps_count: number; checksum: string; finished_at: string | null; id: string; logs: string | null; migration_name: string; rolled_back_at: string | null; started_at: string; }; Insert: { ...; }; Update: { ...; }; R...'.
app/layout.tsx(20,31): error TS2307: Cannot find module 'speedinsights' or its corresponding type declarations.
app/lord-center/page.tsx(23,12): error TS2339: Property 'userStats' does not exist on type 'GameStore'.
components/citylord/achievements/achievement-wall.tsx(266,46): error TS7006: Parameter 'p' implicitly has an 'any' type.
components/citylord/club/ClubManageDrawer.tsx(508,7): error TS2322: Type '{ children: Element; open: boolean; onOpenChange: () => void; snapPoints: number[]; activeSnapPoint: string | number | null; onActiveSnapPointChange: Dispatch<SetStateAction<string | number | null>>; dismissible: true; repositionInputs: false; }' is not assignable to type 'IntrinsicAttributes & DialogProps'.
  Property 'onActiveSnapPointChange' does not exist on type 'IntrinsicAttributes & DialogProps'.
components/citylord/club/CreateClubDrawer.tsx(128,7): error TS2322: Type '{ children: Element; open: boolean; onOpenChange: (open: boolean) => false | void; snapPoints: number[]; activeSnapPoint: string | number | null; onActiveSnapPointChange: Dispatch<SetStateAction<...>>; dismissible: true; repositionInputs: false; }' is not assignable to type 'IntrinsicAttributes & DialogProps'.
  Property 'onActiveSnapPointChange' does not exist on type 'IntrinsicAttributes & DialogProps'.
components/citylord/club/CreateClubDrawer.tsx(161,17): error TS2322: Type '{ currentAvatarUrl: string; onUploadComplete: (url: string) => void; size: number; cropShape: "rect"; cropAspect: number; }' is not assignable to type 'IntrinsicAttributes & AvatarUploaderProps'.
  Property 'cropAspect' does not exist on type 'IntrinsicAttributes & AvatarUploaderProps'.
components/citylord/map/PlannerClientView.tsx(266,53): error TS2304: Cannot find name 'handleNativeTouch'.
components/map/AMapView.tsx(95,15): error TS2322: Type 'AMapInstance | null | undefined' is not assignable to type 'Map_2 | null'.
  Type 'undefined' is not assignable to type 'Map_2 | null'.
components/map/CityDrawer.tsx(51,7): error TS2322: Type '{ children: Element; open: boolean; onOpenChange: (open: boolean) => false | void; snapPoints: number[]; activeSnapPoint: string | number | null; onActiveSnapPointChange: Dispatch<SetStateAction<...>>; dismissible: true; }' is not assignable to type 'IntrinsicAttributes & DialogProps'.
  Property 'onActiveSnapPointChange' does not exist on type 'IntrinsicAttributes & DialogProps'.
components/map/GaodeMap3D.tsx(15,5): error TS2717: Subsequent property declarations must have the same type.  Property 'AMap' must be of type 'typeof AMap', but here has type 'any'.
components/map/GaodeMap3D.tsx(287,41): error TS2345: Argument of type 'string[]' is not assignable to parameter of type 'string'.
components/map/GaodeMap3D.tsx(291,19): error TS2339: Property 'features' does not exist on type '{ type: string; geometry: { type: string; coordinates: number[][][]; }; properties: any; }'.
components/map/GaodeMap3D.tsx(304,37): error TS2339: Property 'features' does not exist on type '{ type: string; geometry: { type: string; coordinates: number[][][]; }; properties: any; }'.
components/map/GaodeMap3D.tsx(417,11): error TS2322: Type 'number[][]' is not assignable to type 'LngLatLike[] | LngLatLike[][] | undefined'.
  Type 'number[][]' is not assignable to type 'LngLatLike[]'.
    Type 'number[]' is not assignable to type 'LngLatLike'.
      Type 'number[]' is not assignable to type '[number, number]'.
        Target requires 2 element(s) but source may have fewer.
components/map/GaodeMap3D.tsx(510,11): error TS2322: Type 'number[][]' is not assignable to type 'LngLatLike[] | LngLatLike[][] | undefined'.
  Type 'number[][]' is not assignable to type 'LngLatLike[]'.
    Type 'number[]' is not assignable to type 'LngLatLike'.
      Type 'number[]' is not assignable to type '[number, number]'.
        Target requires 2 element(s) but source may have fewer.
components/map/GaodeMap3D.tsx(550,42): error TS2554: Expected 0 arguments, but got 1.
components/map/layers/ClaimedPolygonLayer.tsx(65,50): error TS2554: Expected 0 arguments, but got 1.
components/map/layers/ClubKingdomLayer.tsx(73,65): error TS2345: Argument of type '{ zIndex: number; zooms: [number, number]; }' is not assignable to parameter of type 'CustomLayerOption'.
  Property 'render' is missing in type '{ zIndex: number; zooms: [number, number]; }' but required in type 'CustomLayerOption'.
components/map/layers/ClubKingdomLayer.tsx(81,21): error TS2339: Property 'render' does not exist on type 'CustomLayer'.
components/map/layers/KingdomLayer.tsx(69,54): error TS2554: Expected 0 arguments, but got 1.
components/map/layers/UserMarkerLayer.tsx(94,9): error TS2322: Type 'number[]' is not assignable to type 'LngLat | Vector2 | undefined'.
  Type 'number[]' is not assignable to type 'Vector2'.
    Target requires 2 element(s) but source may have fewer.
components/map/MapHeader.tsx(179,40): error TS2339: Property 'Geocoder' does not exist on type 'typeof AMap'.
components/map/MapRoot.tsx(238,11): error TS2339: Property 'off' does not exist on type 'AMapInstance'.
components/map/MapRoot.tsx(239,11): error TS2339: Property 'off' does not exist on type 'AMapInstance'.
components/map/RunHistoryDrawer.tsx(99,7): error TS2322: Type '{ children: Element; open: boolean; onOpenChange: () => void; snapPoints: number[]; activeSnapPoint: string | number | null; onActiveSnapPointChange: Dispatch<SetStateAction<string | number | null>>; dismissible: true; }' is not assignable to type 'IntrinsicAttributes & DialogProps'.
  Property 'onActiveSnapPointChange' does not exist on type 'IntrinsicAttributes & DialogProps'.
components/mode/ModeDrawer.tsx(75,7): error TS2322: Type '{ children: Element; open: boolean; onOpenChange: () => void; snapPoints: number[]; activeSnapPoint: string | number | null; onActiveSnapPointChange: Dispatch<SetStateAction<string | number | null>>; dismissible: true; }' is not assignable to type 'IntrinsicAttributes & DialogProps'.
  Property 'onActiveSnapPointChange' does not exist on type 'IntrinsicAttributes & DialogProps'.
components/mode/PlayerStatsDrawer.tsx(50,7): error TS2322: Type '{ children: Element; open: boolean; onOpenChange: () => void; snapPoints: number[]; activeSnapPoint: string | number | null; onActiveSnapPointChange: Dispatch<SetStateAction<string | number | null>>; dismissible: true; }' is not assignable to type 'IntrinsicAttributes & DialogProps'.
  Property 'onActiveSnapPointChange' does not exist on type 'IntrinsicAttributes & DialogProps'.
components/mode/RoomChat.tsx(71,23): error TS2345: Argument of type '(SelectQueryError<"Invalid Relationships cannot infer result type"> | SelectQueryError<"Invalid RelationName cannot infer result type">)[]' is not assignable to parameter of type 'SetStateAction<Message[]>'.
  Type '(SelectQueryError<"Invalid Relationships cannot infer result type"> | SelectQueryError<"Invalid RelationName cannot infer result type">)[]' is not assignable to type 'Message[]'.
    Type 'SelectQueryError<"Invalid Relationships cannot infer result type"> | SelectQueryError<"Invalid RelationName cannot infer result type">' is not assignable to type 'Message'.
      Type '{ error: true; } & String' is missing the following properties from type 'Message': id, room_id, user_id, content, created_at
components/running/RunningHUD.tsx(211,45): error TS7006: Parameter 'm' implicitly has an 'any' type.
lib/capacitor/safe-plugins.ts(307,5): error TS2322: Type 'string' is not assignable to type '"ios" | "android" | "web" | "unknown"'.
lib/data-fetcher.ts(2,30): error TS2307: Cannot find module './CacheManager' or its corresponding type declarations.
lib/game-logic/mission-checker.ts(26,33): error TS2554: Expected 0 arguments, but got 1.
lib/game-logic/mission-checker.ts(46,6): error TS2339: Property 'neq' does not exist on type '{ single: () => Promise<{ data: null; error: null; }>; maybeSingle: () => Promise<{ data: null; error: null; }>; order: (col: string, opts?: any) => { limit: (n: number) => Promise<{ data: never[]; error: null; }>; }; in: () => { ...; }; is: () => { ...; }; }'.
lib/game-logic/mission-checker.ts(137,17): error TS2339: Property 'count' does not exist on type '{ single: () => Promise<{ data: null; error: null; }>; maybeSingle: () => Promise<{ data: null; error: null; }>; order: (col: string, opts?: any) => { limit: (n: number) => Promise<{ data: never[]; error: null; }>; }; in: () => { ...; }; is: () => { ...; }; }'.
lib/game-logic/mission-checker.ts(139,24): error TS2554: Expected 0-1 arguments, but got 2.
lib/game-logic/mission-checker.ts(190,10): error TS2339: Property 'eq' does not exist on type 'Promise<{ data: null; error: null; }>'.
lib/game-logic/mission-service.ts(171,33): error TS2554: Expected 0 arguments, but got 1.
lib/game-logic/mission-service.ts(191,13): error TS2339: Property 'data' does not exist on type '{ single: () => Promise<{ data: null; error: null; }>; maybeSingle: () => Promise<{ data: null; error: null; }>; order: (col: string, opts?: any) => { limit: (n: number) => Promise<{ data: never[]; error: null; }>; }; in: () => { ...; }; is: () => { ...; }; }'.
lib/game-logic/mission-service.ts(191,37): error TS2339: Property 'error' does not exist on type '{ single: () => Promise<{ data: null; error: null; }>; maybeSingle: () => Promise<{ data: null; error: null; }>; order: (col: string, opts?: any) => { limit: (n: number) => Promise<{ data: never[]; error: null; }>; }; in: () => { ...; }; is: () => { ...; }; }'.
lib/game-logic/mission-service.ts(205,55): error TS7006: Parameter 'm' implicitly has an 'any' type.
lib/game-logic/mission-service.ts(228,21): error TS2339: Property 'updated_at' does not exist on type '{}'.
lib/game-logic/mission-service.ts(230,44): error TS2339: Property 'updated_at' does not exist on type '{}'.
lib/game-logic/mission-service.ts(285,10): error TS2339: Property 'in' does not exist on type 'Promise<{ data: null; error: null; }>'.
lib/onesignal/init.ts(16,20): error TS2551: Property 'plugins' does not exist on type 'Window & typeof globalThis'. Did you mean 'Plugin'?
lib/onesignal/init.ts(16,38): error TS2551: Property 'plugins' does not exist on type 'Window & typeof globalThis'. Did you mean 'Plugin'?
lib/onesignal/init.ts(17,20): error TS2551: Property 'plugins' does not exist on type 'Window & typeof globalThis'. Did you mean 'Plugin'?
lib/onesignal/init.ts(19,20): error TS2551: Property 'plugins' does not exist on type 'Window & typeof globalThis'. Did you mean 'Plugin'?
lib/onesignal/init.ts(19,76): error TS7006: Parameter 'jsonData' implicitly has an 'any' type.
lib/onesignal/init.ts(24,20): error TS2551: Property 'plugins' does not exist on type 'Window & typeof globalThis'. Did you mean 'Plugin'?
lib/onesignal/init.ts(24,90): error TS7006: Parameter 'accepted' implicitly has an 'any' type.
lib/onesignal/init.ts(37,49): error TS2551: Property 'plugins' does not exist on type 'Window & typeof globalThis'. Did you mean 'Plugin'?
lib/onesignal/init.ts(37,67): error TS2551: Property 'plugins' does not exist on type 'Window & typeof globalThis'. Did you mean 'Plugin'?
lib/onesignal/init.ts(38,16): error TS2551: Property 'plugins' does not exist on type 'Window & typeof globalThis'. Did you mean 'Plugin'?
scripts/test-notification.ts(14,42): error TS2339: Property 'display_name' does not exist on type '{ level: number | null; id: string; created_at: Date; province: string | null; total_area: number | null; avatar_url: string | null; club_id: string | null; invited_by: string | null; ... 22 more ...; backgroundUrl: string | null; }'.
